/net/snowwhite/home/pjvh/tmp/indel-1029-0221/indeltest/indel/indelvcf/NA07051/NA07051.genotypes.20.20000001.40000000.bcf
