Thunder_Glf 1.0.9 -- Markov Chain Haplotyping for Shotgun Sequence Data
(c) 2005-2007 Goncalo Abecasis, Yun Li, with thanks to Paul Scheet

starting LoadShotgunSamples

Loaded 60 individuals from shotgun sequence data

Loaded information on 1004 polymorphic sites


Processing input files and allocating memory for haplotyping
               Haplotyping engine (max) ... 28.2 mb
starting LoadShotgunResults

starting LoadPolymorphicSites

            Haplotyping engine (actual) ... 28.1 mb
                      Consensus builder ... 266.8 kb
                      Dosage Calculator ... 118.7 kb
Memory allocated successfully

Warning: crossover rate map file [] not available
Warning: error rate map file [] not available
Loading phased information from the input VCF file

starting LoadHaplotypesFromVCF
Found initial haplotype set

Markov Chain iteration 1 [609 mosaic crossovers]
Markov Chain iteration 2 [418 mosaic crossovers]
Markov Chain iteration 3 [346 mosaic crossovers]
Markov Chain iteration 4 [368 mosaic crossovers]
Markov Chain iteration 5 [350 mosaic crossovers]
Markov Chain iteration 6 [361 mosaic crossovers]
Markov Chain iteration 7 [338 mosaic crossovers]
Markov Chain iteration 8 [301 mosaic crossovers]
Markov Chain iteration 9 [328 mosaic crossovers]
Markov Chain iteration 10 [321 mosaic crossovers]

Merged sampled haplotypes to generate consensus
   Consensus estimated to have 496.1 errors in missing genotypes and 156.6 flips in haplotypes

Estimated mismatch rate in Markov model is: 0.00113
