indelvcf/NA12272/NA12272.genotypes.20.20000001.40000000.bcf
indelvcf/NA12004/NA12004.genotypes.20.20000001.40000000.bcf
indelvcf/NA11994/NA11994.genotypes.20.20000001.40000000.bcf
indelvcf/NA12749/NA12749.genotypes.20.20000001.40000000.bcf
indelvcf/NA10847/NA10847.genotypes.20.20000001.40000000.bcf
indelvcf/NA12716/NA12716.genotypes.20.20000001.40000000.bcf
indelvcf/NA12829/NA12829.genotypes.20.20000001.40000000.bcf
indelvcf/NA12275/NA12275.genotypes.20.20000001.40000000.bcf
indelvcf/NA12750/NA12750.genotypes.20.20000001.40000000.bcf
indelvcf/NA12348/NA12348.genotypes.20.20000001.40000000.bcf
indelvcf/NA12347/NA12347.genotypes.20.20000001.40000000.bcf
indelvcf/NA12003/NA12003.genotypes.20.20000001.40000000.bcf
indelvcf/NA12286/NA12286.genotypes.20.20000001.40000000.bcf
indelvcf/NA11829/NA11829.genotypes.20.20000001.40000000.bcf
indelvcf/NA07357/NA07357.genotypes.20.20000001.40000000.bcf
indelvcf/NA12144/NA12144.genotypes.20.20000001.40000000.bcf
indelvcf/NA12812/NA12812.genotypes.20.20000001.40000000.bcf
indelvcf/NA12718/NA12718.genotypes.20.20000001.40000000.bcf
indelvcf/NA12777/NA12777.genotypes.20.20000001.40000000.bcf
indelvcf/NA12872/NA12872.genotypes.20.20000001.40000000.bcf
indelvcf/NA12751/NA12751.genotypes.20.20000001.40000000.bcf
indelvcf/NA12717/NA12717.genotypes.20.20000001.40000000.bcf
indelvcf/NA07051/NA07051.genotypes.20.20000001.40000000.bcf
indelvcf/NA11992/NA11992.genotypes.20.20000001.40000000.bcf
indelvcf/NA12058/NA12058.genotypes.20.20000001.40000000.bcf
indelvcf/NA12889/NA12889.genotypes.20.20000001.40000000.bcf
indelvcf/NA12400/NA12400.genotypes.20.20000001.40000000.bcf
indelvcf/NA12778/NA12778.genotypes.20.20000001.40000000.bcf
indelvcf/NA12154/NA12154.genotypes.20.20000001.40000000.bcf
indelvcf/NA11932/NA11932.genotypes.20.20000001.40000000.bcf
indelvcf/NA06986/NA06986.genotypes.20.20000001.40000000.bcf
indelvcf/NA07056/NA07056.genotypes.20.20000001.40000000.bcf
indelvcf/NA12046/NA12046.genotypes.20.20000001.40000000.bcf
indelvcf/NA12342/NA12342.genotypes.20.20000001.40000000.bcf
indelvcf/NA06984/NA06984.genotypes.20.20000001.40000000.bcf
indelvcf/NA12273/NA12273.genotypes.20.20000001.40000000.bcf
indelvcf/NA12748/NA12748.genotypes.20.20000001.40000000.bcf
indelvcf/NA12814/NA12814.genotypes.20.20000001.40000000.bcf
indelvcf/NA12546/NA12546.genotypes.20.20000001.40000000.bcf
indelvcf/NA12827/NA12827.genotypes.20.20000001.40000000.bcf
indelvcf/NA12489/NA12489.genotypes.20.20000001.40000000.bcf
indelvcf/NA12283/NA12283.genotypes.20.20000001.40000000.bcf
indelvcf/NA11919/NA11919.genotypes.20.20000001.40000000.bcf
indelvcf/NA11995/NA11995.genotypes.20.20000001.40000000.bcf
indelvcf/NA07000/NA07000.genotypes.20.20000001.40000000.bcf
indelvcf/NA10851/NA10851.genotypes.20.20000001.40000000.bcf
indelvcf/NA12341/NA12341.genotypes.20.20000001.40000000.bcf
indelvcf/NA11892/NA11892.genotypes.20.20000001.40000000.bcf
indelvcf/NA12383/NA12383.genotypes.20.20000001.40000000.bcf
indelvcf/NA06994/NA06994.genotypes.20.20000001.40000000.bcf
indelvcf/NA12006/NA12006.genotypes.20.20000001.40000000.bcf
indelvcf/NA11993/NA11993.genotypes.20.20000001.40000000.bcf
indelvcf/NA12413/NA12413.genotypes.20.20000001.40000000.bcf
indelvcf/NA11920/NA11920.genotypes.20.20000001.40000000.bcf
indelvcf/NA12874/NA12874.genotypes.20.20000001.40000000.bcf
indelvcf/NA12045/NA12045.genotypes.20.20000001.40000000.bcf
indelvcf/NA12249/NA12249.genotypes.20.20000001.40000000.bcf
indelvcf/NA11931/NA11931.genotypes.20.20000001.40000000.bcf
indelvcf/NA11918/NA11918.genotypes.20.20000001.40000000.bcf
indelvcf/NA12043/NA12043.genotypes.20.20000001.40000000.bcf
