/net/snowwhite/home/pjvh/tmp/indel-1029-0221/indeltest/indel/indelvcf/NA12006/NA12006.genotypes.20.20000001.40000000.bcf
